Component: ARM Compiler 5.06 update 7 (build 960) Tool: armlink [4d3601]

==============================================================================

Section Cross References

    main.o(i.main) refers to rotation_plateau.o(i.manage_rotation) for manage_rotation
    timer.o(i.TIM4_IRQHandler) refers to timer.o(i.TIM4_callback) for TIM4_callback
    usart.o(i.USART1_IRQHandler) refers to rotation_plateau.o(i.USART1_callback) for USART1_callback
    rotation_plateau.o(i.USART1_callback) refers to usart.o(i.Read_DR_Value) for Read_DR_Value
    rotation_plateau.o(i.USART1_callback) refers to rotation_plateau.o(i.Is_Positive) for Is_Positive
    rotation_plateau.o(i.USART1_callback) refers to gpio.o(i.MyGPIO_Set) for MyGPIO_Set
    rotation_plateau.o(i.USART1_callback) refers to gpio.o(i.MyGPIO_Reset) for MyGPIO_Reset
    rotation_plateau.o(i.USART1_callback) refers to dflti.o(.text) for __aeabi_i2d
    rotation_plateau.o(i.USART1_callback) refers to ddiv.o(.text) for __aeabi_ddiv
    rotation_plateau.o(i.USART1_callback) refers to dmul.o(.text) for __aeabi_dmul
    rotation_plateau.o(i.USART1_callback) refers to dfixui.o(.text) for __aeabi_d2uiz
    rotation_plateau.o(i.USART1_callback) refers to timer.o(i.Modif_RapportCyclique) for Modif_RapportCyclique
    rotation_plateau.o(i.USART1_callback) refers to rotation_plateau.o(.data) for directionBit
    rotation_plateau.o(i.manage_rotation) refers to usart.o(i.MyUSART_Base_Init) for MyUSART_Base_Init
    rotation_plateau.o(i.manage_rotation) refers to usart.o(i.MyUSART_ActiveIT) for MyUSART_ActiveIT
    rotation_plateau.o(i.manage_rotation) refers to timer.o(i.MyTimer_Base_Init) for MyTimer_Base_Init
    rotation_plateau.o(i.manage_rotation) refers to timer.o(i.MyTimer_PWM) for MyTimer_PWM
    rotation_plateau.o(i.manage_rotation) refers to gpio.o(i.MyGPIO_Init) for MyGPIO_Init
    gpio.o(i.MyGPIO_Toggle) refers to gpio.o(i.MyGPIO_Read) for MyGPIO_Read
    gpio.o(i.MyGPIO_Toggle) refers to gpio.o(i.MyGPIO_Reset) for MyGPIO_Reset
    gpio.o(i.MyGPIO_Toggle) refers to gpio.o(i.MyGPIO_Set) for MyGPIO_Set
    startup_stm32f10x_md.o(RESET) refers to startup_stm32f10x_md.o(STACK) for __initial_sp
    startup_stm32f10x_md.o(RESET) refers to startup_stm32f10x_md.o(.text) for Reset_Handler
    startup_stm32f10x_md.o(RESET) refers to timer.o(i.TIM4_IRQHandler) for TIM4_IRQHandler
    startup_stm32f10x_md.o(RESET) refers to usart.o(i.USART1_IRQHandler) for USART1_IRQHandler
    startup_stm32f10x_md.o(.text) refers to system_stm32f10x.o(i.SystemInit) for SystemInit
    startup_stm32f10x_md.o(.text) refers to entry.o(.ARM.Collect$$$$00000000) for __main
    system_stm32f10x.o(i.SetSysClock) refers to system_stm32f10x.o(i.SetSysClockTo72) for SetSysClockTo72
    system_stm32f10x.o(i.SystemCoreClockUpdate) refers to system_stm32f10x.o(.data) for SystemCoreClock
    system_stm32f10x.o(i.SystemInit) refers to system_stm32f10x.o(i.SetSysClock) for SetSysClock
    entry.o(.ARM.Collect$$$$00000000) refers (Special) to entry10a.o(.ARM.Collect$$$$0000000F) for __rt_final_cpp
    entry.o(.ARM.Collect$$$$00000000) refers (Special) to entry11a.o(.ARM.Collect$$$$00000011) for __rt_final_exit
    entry.o(.ARM.Collect$$$$00000000) refers (Special) to entry12b.o(.ARM.Collect$$$$0000000E) for __rt_lib_shutdown_fini
    entry.o(.ARM.Collect$$$$00000000) refers (Special) to entry7b.o(.ARM.Collect$$$$00000008) for _main_clock
    entry.o(.ARM.Collect$$$$00000000) refers (Special) to entry8b.o(.ARM.Collect$$$$0000000A) for _main_cpp_init
    entry.o(.ARM.Collect$$$$00000000) refers (Special) to entry9a.o(.ARM.Collect$$$$0000000B) for _main_init
    entry.o(.ARM.Collect$$$$00000000) refers (Special) to entry5.o(.ARM.Collect$$$$00000004) for _main_scatterload
    entry.o(.ARM.Collect$$$$00000000) refers (Special) to entry2.o(.ARM.Collect$$$$00000001) for _main_stk
    dmul.o(.text) refers (Special) to iusefp.o(.text) for __I$use$fp
    dmul.o(.text) refers to depilogue.o(.text) for _double_epilogue
    ddiv.o(.text) refers (Special) to iusefp.o(.text) for __I$use$fp
    ddiv.o(.text) refers to depilogue.o(.text) for _double_round
    dflti.o(.text) refers (Special) to iusefp.o(.text) for __I$use$fp
    dflti.o(.text) refers to depilogue.o(.text) for _double_epilogue
    dfixui.o(.text) refers (Special) to iusefp.o(.text) for __I$use$fp
    dfixui.o(.text) refers to llushr.o(.text) for __aeabi_llsr
    entry2.o(.ARM.Collect$$$$00000001) refers to entry2.o(.ARM.Collect$$$$00002712) for __lit__00000000
    entry2.o(.ARM.Collect$$$$00002712) refers to startup_stm32f10x_md.o(STACK) for __initial_sp
    entry2.o(__vectab_stack_and_reset_area) refers to startup_stm32f10x_md.o(STACK) for __initial_sp
    entry2.o(__vectab_stack_and_reset_area) refers to entry.o(.ARM.Collect$$$$00000000) for __main
    entry5.o(.ARM.Collect$$$$00000004) refers to init.o(.text) for __scatterload
    entry9a.o(.ARM.Collect$$$$0000000B) refers to main.o(i.main) for main
    entry9b.o(.ARM.Collect$$$$0000000C) refers to main.o(i.main) for main
    depilogue.o(.text) refers to llshl.o(.text) for __aeabi_llsl
    depilogue.o(.text) refers to llushr.o(.text) for __aeabi_llsr
    init.o(.text) refers to entry5.o(.ARM.Collect$$$$00000004) for __main_after_scatterload


==============================================================================

Removing Unused input sections from the image.

    Removing main.o(.rev16_text), (4 bytes).
    Removing main.o(.revsh_text), (4 bytes).
    Removing main.o(.rrx_text), (6 bytes).
    Removing timer.o(.rev16_text), (4 bytes).
    Removing timer.o(.revsh_text), (4 bytes).
    Removing timer.o(.rrx_text), (6 bytes).
    Removing timer.o(i.MyTimer_ActiveIT), (28 bytes).
    Removing usart.o(.rev16_text), (4 bytes).
    Removing usart.o(.revsh_text), (4 bytes).
    Removing usart.o(.rrx_text), (6 bytes).
    Removing usart.o(i.USART1_callback), (2 bytes).
    Removing usart.o(i.Write_DR_Value), (4 bytes).
    Removing rotation_plateau.o(.rev16_text), (4 bytes).
    Removing rotation_plateau.o(.revsh_text), (4 bytes).
    Removing rotation_plateau.o(.rrx_text), (6 bytes).
    Removing gpio.o(.rev16_text), (4 bytes).
    Removing gpio.o(.revsh_text), (4 bytes).
    Removing gpio.o(.rrx_text), (6 bytes).
    Removing gpio.o(i.MyGPIO_Read), (12 bytes).
    Removing gpio.o(i.MyGPIO_Toggle), (36 bytes).
    Removing startup_stm32f10x_md.o(HEAP), (512 bytes).
    Removing system_stm32f10x.o(.rev16_text), (4 bytes).
    Removing system_stm32f10x.o(.revsh_text), (4 bytes).
    Removing system_stm32f10x.o(.rrx_text), (6 bytes).
    Removing system_stm32f10x.o(i.SystemCoreClockUpdate), (164 bytes).
    Removing system_stm32f10x.o(.data), (20 bytes).

26 unused section(s) (total 862 bytes) removed from the image.

==============================================================================

Image Symbol Table

    Local Symbols

    Symbol Name                              Value     Ov Type        Size  Object(Section)

    ../clib/microlib/init/entry.s            0x00000000   Number         0  entry9a.o ABSOLUTE
    ../clib/microlib/init/entry.s            0x00000000   Number         0  entry5.o ABSOLUTE
    ../clib/microlib/init/entry.s            0x00000000   Number         0  entry8b.o ABSOLUTE
    ../clib/microlib/init/entry.s            0x00000000   Number         0  entry8a.o ABSOLUTE
    ../clib/microlib/init/entry.s            0x00000000   Number         0  entry7b.o ABSOLUTE
    ../clib/microlib/init/entry.s            0x00000000   Number         0  entry7a.o ABSOLUTE
    ../clib/microlib/init/entry.s            0x00000000   Number         0  entry.o ABSOLUTE
    ../clib/microlib/init/entry.s            0x00000000   Number         0  entry2.o ABSOLUTE
    ../clib/microlib/init/entry.s            0x00000000   Number         0  entry12b.o ABSOLUTE
    ../clib/microlib/init/entry.s            0x00000000   Number         0  entry12a.o ABSOLUTE
    ../clib/microlib/init/entry.s            0x00000000   Number         0  entry11b.o ABSOLUTE
    ../clib/microlib/init/entry.s            0x00000000   Number         0  entry11a.o ABSOLUTE
    ../clib/microlib/init/entry.s            0x00000000   Number         0  entry10b.o ABSOLUTE
    ../clib/microlib/init/entry.s            0x00000000   Number         0  entry10a.o ABSOLUTE
    ../clib/microlib/init/entry.s            0x00000000   Number         0  entry9b.o ABSOLUTE
    ../clib/microlib/longlong.c              0x00000000   Number         0  llshl.o ABSOLUTE
    ../clib/microlib/longlong.c              0x00000000   Number         0  llushr.o ABSOLUTE
    ../clib/microlib/stubs.s                 0x00000000   Number         0  iusefp.o ABSOLUTE
    ../fplib/microlib/fpdiv.c                0x00000000   Number         0  ddiv.o ABSOLUTE
    ../fplib/microlib/fpepilogue.c           0x00000000   Number         0  depilogue.o ABSOLUTE
    ../fplib/microlib/fpfix.c                0x00000000   Number         0  dfixui.o ABSOLUTE
    ../fplib/microlib/fpflt.c                0x00000000   Number         0  dflti.o ABSOLUTE
    ../fplib/microlib/fpmul.c                0x00000000   Number         0  dmul.o ABSOLUTE
    RTE\Device\STM32F103RB\startup_stm32f10x_md.s 0x00000000   Number         0  startup_stm32f10x_md.o ABSOLUTE
    RTE\Device\STM32F103RB\system_stm32f10x.c 0x00000000   Number         0  system_stm32f10x.o ABSOLUTE
    RTE\\Device\\STM32F103RB\\system_stm32f10x.c 0x00000000   Number         0  system_stm32f10x.o ABSOLUTE
    Source\Timer.c                           0x00000000   Number         0  timer.o ABSOLUTE
    Source\USART.c                           0x00000000   Number         0  usart.o ABSOLUTE
    Source\\Timer.c                          0x00000000   Number         0  timer.o ABSOLUTE
    Source\\USART.c                          0x00000000   Number         0  usart.o ABSOLUTE
    Source\\main.c                           0x00000000   Number         0  main.o ABSOLUTE
    Source\\rotation_plateau.c               0x00000000   Number         0  rotation_plateau.o ABSOLUTE
    Source\main.c                            0x00000000   Number         0  main.o ABSOLUTE
    Source\rotation_plateau.c                0x00000000   Number         0  rotation_plateau.o ABSOLUTE
    Unités\Test_Unitaire_GPIO\Source\GPIO.c  0x00000000   Number         0  gpio.o ABSOLUTE
    Unités\\Test_Unitaire_GPIO\\Source\\GPIO.c 0x00000000   Number         0  gpio.o ABSOLUTE
    dc.s                                     0x00000000   Number         0  dc.o ABSOLUTE
    handlers.s                               0x00000000   Number         0  handlers.o ABSOLUTE
    init.s                                   0x00000000   Number         0  init.o ABSOLUTE
    RESET                                    0x08000000   Section      236  startup_stm32f10x_md.o(RESET)
    .ARM.Collect$$$$00000000                 0x080000ec   Section        0  entry.o(.ARM.Collect$$$$00000000)
    .ARM.Collect$$$$00000001                 0x080000ec   Section        4  entry2.o(.ARM.Collect$$$$00000001)
    .ARM.Collect$$$$00000004                 0x080000f0   Section        4  entry5.o(.ARM.Collect$$$$00000004)
    .ARM.Collect$$$$00000008                 0x080000f4   Section        0  entry7b.o(.ARM.Collect$$$$00000008)
    .ARM.Collect$$$$0000000A                 0x080000f4   Section        0  entry8b.o(.ARM.Collect$$$$0000000A)
    .ARM.Collect$$$$0000000B                 0x080000f4   Section        8  entry9a.o(.ARM.Collect$$$$0000000B)
    .ARM.Collect$$$$0000000E                 0x080000fc   Section        4  entry12b.o(.ARM.Collect$$$$0000000E)
    .ARM.Collect$$$$0000000F                 0x08000100   Section        0  entry10a.o(.ARM.Collect$$$$0000000F)
    .ARM.Collect$$$$00000011                 0x08000100   Section        0  entry11a.o(.ARM.Collect$$$$00000011)
    .ARM.Collect$$$$00002712                 0x08000100   Section        4  entry2.o(.ARM.Collect$$$$00002712)
    __lit__00000000                          0x08000100   Data           4  entry2.o(.ARM.Collect$$$$00002712)
    .text                                    0x08000104   Section       36  startup_stm32f10x_md.o(.text)
    .text                                    0x08000128   Section        0  dmul.o(.text)
    .text                                    0x0800020c   Section        0  ddiv.o(.text)
    .text                                    0x080002ea   Section        0  dflti.o(.text)
    .text                                    0x0800030c   Section        0  dfixui.o(.text)
    .text                                    0x0800033e   Section        0  llushr.o(.text)
    .text                                    0x0800035e   Section        0  iusefp.o(.text)
    .text                                    0x0800035e   Section        0  depilogue.o(.text)
    .text                                    0x08000418   Section       36  init.o(.text)
    .text                                    0x0800043c   Section        0  llshl.o(.text)
    i.Is_Positive                            0x0800045a   Section        0  rotation_plateau.o(i.Is_Positive)
    i.Modif_RapportCyclique                  0x0800046c   Section        0  timer.o(i.Modif_RapportCyclique)
    i.MyGPIO_Init                            0x08000470   Section        0  gpio.o(i.MyGPIO_Init)
    i.MyGPIO_Reset                           0x08000544   Section        0  gpio.o(i.MyGPIO_Reset)
    i.MyGPIO_Set                             0x08000550   Section        0  gpio.o(i.MyGPIO_Set)
    i.MyTimer_Base_Init                      0x0800055c   Section        0  timer.o(i.MyTimer_Base_Init)
    i.MyTimer_PWM                            0x08000576   Section        0  timer.o(i.MyTimer_PWM)
    i.MyUSART_ActiveIT                       0x08000580   Section        0  usart.o(i.MyUSART_ActiveIT)
    i.MyUSART_Base_Init                      0x080005a0   Section        0  usart.o(i.MyUSART_Base_Init)
    i.Read_DR_Value                          0x08000614   Section        0  usart.o(i.Read_DR_Value)
    i.SetSysClock                            0x0800061a   Section        0  system_stm32f10x.o(i.SetSysClock)
    SetSysClock                              0x0800061b   Thumb Code     8  system_stm32f10x.o(i.SetSysClock)
    i.SetSysClockTo72                        0x08000624   Section        0  system_stm32f10x.o(i.SetSysClockTo72)
    SetSysClockTo72                          0x08000625   Thumb Code   214  system_stm32f10x.o(i.SetSysClockTo72)
    i.SystemInit                             0x08000704   Section        0  system_stm32f10x.o(i.SystemInit)
    i.TIM4_IRQHandler                        0x08000764   Section        0  timer.o(i.TIM4_IRQHandler)
    i.TIM4_callback                          0x0800077c   Section        0  timer.o(i.TIM4_callback)
    i.USART1_IRQHandler                      0x0800077e   Section        0  usart.o(i.USART1_IRQHandler)
    i.USART1_callback                        0x08000788   Section        0  rotation_plateau.o(i.USART1_callback)
    i.__scatterload_copy                     0x08000820   Section       14  handlers.o(i.__scatterload_copy)
    i.__scatterload_null                     0x0800082e   Section        2  handlers.o(i.__scatterload_null)
    i.__scatterload_zeroinit                 0x08000830   Section       14  handlers.o(i.__scatterload_zeroinit)
    i.main                                   0x0800083e   Section        0  main.o(i.main)
    i.manage_rotation                        0x08000848   Section        0  rotation_plateau.o(i.manage_rotation)
    .data                                    0x20000000   Section       10  rotation_plateau.o(.data)
    STACK                                    0x20000010   Section     1024  startup_stm32f10x_md.o(STACK)

    Global Symbols

    Symbol Name                              Value     Ov Type        Size  Object(Section)

    BuildAttributes$$THM_ISAv4$P$D$K$B$S$PE$A:L22UL41UL21$X:L11$S22US41US21$IEEE1$IW$USESV6$~STKCKD$USESV7$~SHL$OSPACE$ROPI$EBA8$MICROLIB$REQ8$PRES8$EABIv2 0x00000000   Number         0  anon$$obj.o ABSOLUTE
    __ARM_use_no_argv                        0x00000000   Number         0  main.o ABSOLUTE
    __arm_fini_                               - Undefined Weak Reference
    __cpp_initialize__aeabi_                  - Undefined Weak Reference
    __cxa_finalize                            - Undefined Weak Reference
    __decompress                              - Undefined Weak Reference
    _clock_init                               - Undefined Weak Reference
    _microlib_exit                            - Undefined Weak Reference
    __Vectors_Size                           0x000000ec   Number         0  startup_stm32f10x_md.o ABSOLUTE
    __Vectors                                0x08000000   Data           4  startup_stm32f10x_md.o(RESET)
    __Vectors_End                            0x080000ec   Data           0  startup_stm32f10x_md.o(RESET)
    __main                                   0x080000ed   Thumb Code     0  entry.o(.ARM.Collect$$$$00000000)
    _main_stk                                0x080000ed   Thumb Code     0  entry2.o(.ARM.Collect$$$$00000001)
    _main_scatterload                        0x080000f1   Thumb Code     0  entry5.o(.ARM.Collect$$$$00000004)
    __main_after_scatterload                 0x080000f5   Thumb Code     0  entry5.o(.ARM.Collect$$$$00000004)
    _main_clock                              0x080000f5   Thumb Code     0  entry7b.o(.ARM.Collect$$$$00000008)
    _main_cpp_init                           0x080000f5   Thumb Code     0  entry8b.o(.ARM.Collect$$$$0000000A)
    _main_init                               0x080000f5   Thumb Code     0  entry9a.o(.ARM.Collect$$$$0000000B)
    __rt_lib_shutdown_fini                   0x080000fd   Thumb Code     0  entry12b.o(.ARM.Collect$$$$0000000E)
    __rt_final_cpp                           0x08000101   Thumb Code     0  entry10a.o(.ARM.Collect$$$$0000000F)
    __rt_final_exit                          0x08000101   Thumb Code     0  entry11a.o(.ARM.Collect$$$$00000011)
    Reset_Handler                            0x08000105   Thumb Code     8  startup_stm32f10x_md.o(.text)
    NMI_Handler                              0x0800010d   Thumb Code     2  startup_stm32f10x_md.o(.text)
    HardFault_Handler                        0x0800010f   Thumb Code     2  startup_stm32f10x_md.o(.text)
    MemManage_Handler                        0x08000111   Thumb Code     2  startup_stm32f10x_md.o(.text)
    BusFault_Handler                         0x08000113   Thumb Code     2  startup_stm32f10x_md.o(.text)
    UsageFault_Handler                       0x08000115   Thumb Code     2  startup_stm32f10x_md.o(.text)
    SVC_Handler                              0x08000117   Thumb Code     2  startup_stm32f10x_md.o(.text)
    DebugMon_Handler                         0x08000119   Thumb Code     2  startup_stm32f10x_md.o(.text)
    PendSV_Handler                           0x0800011b   Thumb Code     2  startup_stm32f10x_md.o(.text)
    SysTick_Handler                          0x0800011d   Thumb Code     2  startup_stm32f10x_md.o(.text)
    ADC1_2_IRQHandler                        0x0800011f   Thumb Code     0  startup_stm32f10x_md.o(.text)
    CAN1_RX1_IRQHandler                      0x0800011f   Thumb Code     0  startup_stm32f10x_md.o(.text)
    CAN1_SCE_IRQHandler                      0x0800011f   Thumb Code     0  startup_stm32f10x_md.o(.text)
    DMA1_Channel1_IRQHandler                 0x0800011f   Thumb Code     0  startup_stm32f10x_md.o(.text)
    DMA1_Channel2_IRQHandler                 0x0800011f   Thumb Code     0  startup_stm32f10x_md.o(.text)
    DMA1_Channel3_IRQHandler                 0x0800011f   Thumb Code     0  startup_stm32f10x_md.o(.text)
    DMA1_Channel4_IRQHandler                 0x0800011f   Thumb Code     0  startup_stm32f10x_md.o(.text)
    DMA1_Channel5_IRQHandler                 0x0800011f   Thumb Code     0  startup_stm32f10x_md.o(.text)
    DMA1_Channel6_IRQHandler                 0x0800011f   Thumb Code     0  startup_stm32f10x_md.o(.text)
    DMA1_Channel7_IRQHandler                 0x0800011f   Thumb Code     0  startup_stm32f10x_md.o(.text)
    EXTI0_IRQHandler                         0x0800011f   Thumb Code     0  startup_stm32f10x_md.o(.text)
    EXTI15_10_IRQHandler                     0x0800011f   Thumb Code     0  startup_stm32f10x_md.o(.text)
    EXTI1_IRQHandler                         0x0800011f   Thumb Code     0  startup_stm32f10x_md.o(.text)
    EXTI2_IRQHandler                         0x0800011f   Thumb Code     0  startup_stm32f10x_md.o(.text)
    EXTI3_IRQHandler                         0x0800011f   Thumb Code     0  startup_stm32f10x_md.o(.text)
    EXTI4_IRQHandler                         0x0800011f   Thumb Code     0  startup_stm32f10x_md.o(.text)
    EXTI9_5_IRQHandler                       0x0800011f   Thumb Code     0  startup_stm32f10x_md.o(.text)
    FLASH_IRQHandler                         0x0800011f   Thumb Code     0  startup_stm32f10x_md.o(.text)
    I2C1_ER_IRQHandler                       0x0800011f   Thumb Code     0  startup_stm32f10x_md.o(.text)
    I2C1_EV_IRQHandler                       0x0800011f   Thumb Code     0  startup_stm32f10x_md.o(.text)
    I2C2_ER_IRQHandler                       0x0800011f   Thumb Code     0  startup_stm32f10x_md.o(.text)
    I2C2_EV_IRQHandler                       0x0800011f   Thumb Code     0  startup_stm32f10x_md.o(.text)
    PVD_IRQHandler                           0x0800011f   Thumb Code     0  startup_stm32f10x_md.o(.text)
    RCC_IRQHandler                           0x0800011f   Thumb Code     0  startup_stm32f10x_md.o(.text)
    RTCAlarm_IRQHandler                      0x0800011f   Thumb Code     0  startup_stm32f10x_md.o(.text)
    RTC_IRQHandler                           0x0800011f   Thumb Code     0  startup_stm32f10x_md.o(.text)
    SPI1_IRQHandler                          0x0800011f   Thumb Code     0  startup_stm32f10x_md.o(.text)
    SPI2_IRQHandler                          0x0800011f   Thumb Code     0  startup_stm32f10x_md.o(.text)
    TAMPER_IRQHandler                        0x0800011f   Thumb Code     0  startup_stm32f10x_md.o(.text)
    TIM1_BRK_IRQHandler                      0x0800011f   Thumb Code     0  startup_stm32f10x_md.o(.text)
    TIM1_CC_IRQHandler                       0x0800011f   Thumb Code     0  startup_stm32f10x_md.o(.text)
    TIM1_TRG_COM_IRQHandler                  0x0800011f   Thumb Code     0  startup_stm32f10x_md.o(.text)
    TIM1_UP_IRQHandler                       0x0800011f   Thumb Code     0  startup_stm32f10x_md.o(.text)
    TIM2_IRQHandler                          0x0800011f   Thumb Code     0  startup_stm32f10x_md.o(.text)
    TIM3_IRQHandler                          0x0800011f   Thumb Code     0  startup_stm32f10x_md.o(.text)
    USART2_IRQHandler                        0x0800011f   Thumb Code     0  startup_stm32f10x_md.o(.text)
    USART3_IRQHandler                        0x0800011f   Thumb Code     0  startup_stm32f10x_md.o(.text)
    USBWakeUp_IRQHandler                     0x0800011f   Thumb Code     0  startup_stm32f10x_md.o(.text)
    USB_HP_CAN1_TX_IRQHandler                0x0800011f   Thumb Code     0  startup_stm32f10x_md.o(.text)
    USB_LP_CAN1_RX0_IRQHandler               0x0800011f   Thumb Code     0  startup_stm32f10x_md.o(.text)
    WWDG_IRQHandler                          0x0800011f   Thumb Code     0  startup_stm32f10x_md.o(.text)
    __aeabi_dmul                             0x08000129   Thumb Code   228  dmul.o(.text)
    __aeabi_ddiv                             0x0800020d   Thumb Code   222  ddiv.o(.text)
    __aeabi_i2d                              0x080002eb   Thumb Code    34  dflti.o(.text)
    __aeabi_d2uiz                            0x0800030d   Thumb Code    50  dfixui.o(.text)
    __aeabi_llsr                             0x0800033f   Thumb Code    32  llushr.o(.text)
    _ll_ushift_r                             0x0800033f   Thumb Code     0  llushr.o(.text)
    __I$use$fp                               0x0800035f   Thumb Code     0  iusefp.o(.text)
    _double_round                            0x0800035f   Thumb Code    30  depilogue.o(.text)
    _double_epilogue                         0x0800037d   Thumb Code   156  depilogue.o(.text)
    __scatterload                            0x08000419   Thumb Code    28  init.o(.text)
    __scatterload_rt2                        0x08000419   Thumb Code     0  init.o(.text)
    __aeabi_llsl                             0x0800043d   Thumb Code    30  llshl.o(.text)
    _ll_shift_l                              0x0800043d   Thumb Code     0  llshl.o(.text)
    Is_Positive                              0x0800045b   Thumb Code    18  rotation_plateau.o(i.Is_Positive)
    Modif_RapportCyclique                    0x0800046d   Thumb Code     4  timer.o(i.Modif_RapportCyclique)
    MyGPIO_Init                              0x08000471   Thumb Code   192  gpio.o(i.MyGPIO_Init)
    MyGPIO_Reset                             0x08000545   Thumb Code    12  gpio.o(i.MyGPIO_Reset)
    MyGPIO_Set                               0x08000551   Thumb Code    12  gpio.o(i.MyGPIO_Set)
    MyTimer_Base_Init                        0x0800055d   Thumb Code    26  timer.o(i.MyTimer_Base_Init)
    MyTimer_PWM                              0x08000577   Thumb Code    10  timer.o(i.MyTimer_PWM)
    MyUSART_ActiveIT                         0x08000581   Thumb Code    26  usart.o(i.MyUSART_ActiveIT)
    MyUSART_Base_Init                        0x080005a1   Thumb Code   112  usart.o(i.MyUSART_Base_Init)
    Read_DR_Value                            0x08000615   Thumb Code     6  usart.o(i.Read_DR_Value)
    SystemInit                               0x08000705   Thumb Code    78  system_stm32f10x.o(i.SystemInit)
    TIM4_IRQHandler                          0x08000765   Thumb Code    20  timer.o(i.TIM4_IRQHandler)
    TIM4_callback                            0x0800077d   Thumb Code     2  timer.o(i.TIM4_callback)
    USART1_IRQHandler                        0x0800077f   Thumb Code     8  usart.o(i.USART1_IRQHandler)
    USART1_callback                          0x08000789   Thumb Code   120  rotation_plateau.o(i.USART1_callback)
    __scatterload_copy                       0x08000821   Thumb Code    14  handlers.o(i.__scatterload_copy)
    __scatterload_null                       0x0800082f   Thumb Code     2  handlers.o(i.__scatterload_null)
    __scatterload_zeroinit                   0x08000831   Thumb Code    14  handlers.o(i.__scatterload_zeroinit)
    main                                     0x0800083f   Thumb Code     8  main.o(i.main)
    manage_rotation                          0x08000849   Thumb Code   118  rotation_plateau.o(i.manage_rotation)
    Region$$Table$$Base                      0x080008d4   Number         0  anon$$obj.o(Region$$Table)
    Region$$Table$$Limit                     0x080008f4   Number         0  anon$$obj.o(Region$$Table)
    directionBit                             0x20000000   Data           1  rotation_plateau.o(.data)
    RC                                       0x20000004   Data           4  rotation_plateau.o(.data)
    Frac_ARR                                 0x20000008   Data           2  rotation_plateau.o(.data)
    __initial_sp                             0x20000410   Data           0  startup_stm32f10x_md.o(STACK)



==============================================================================

Memory Map of the image

  Image Entry point : 0x08000105

  Load Region LR_1 (Base: 0x08000000, Size: 0x00000900, Max: 0xffffffff, ABSOLUTE)

    Execution Region ER_RO (Exec base: 0x08000000, Load base: 0x08000000, Size: 0x000008f4, Max: 0xffffffff, ABSOLUTE)

    Exec Addr    Load Addr    Size         Type   Attr      Idx    E Section Name        Object

    0x08000000   0x08000000   0x000000ec   Data   RO          266    RESET               startup_stm32f10x_md.o
    0x080000ec   0x080000ec   0x00000000   Code   RO          317  * .ARM.Collect$$$$00000000  mc_w.l(entry.o)
    0x080000ec   0x080000ec   0x00000004   Code   RO          328    .ARM.Collect$$$$00000001  mc_w.l(entry2.o)
    0x080000f0   0x080000f0   0x00000004   Code   RO          331    .ARM.Collect$$$$00000004  mc_w.l(entry5.o)
    0x080000f4   0x080000f4   0x00000000   Code   RO          333    .ARM.Collect$$$$00000008  mc_w.l(entry7b.o)
    0x080000f4   0x080000f4   0x00000000   Code   RO          335    .ARM.Collect$$$$0000000A  mc_w.l(entry8b.o)
    0x080000f4   0x080000f4   0x00000008   Code   RO          336    .ARM.Collect$$$$0000000B  mc_w.l(entry9a.o)
    0x080000fc   0x080000fc   0x00000004   Code   RO          343    .ARM.Collect$$$$0000000E  mc_w.l(entry12b.o)
    0x08000100   0x08000100   0x00000000   Code   RO          338    .ARM.Collect$$$$0000000F  mc_w.l(entry10a.o)
    0x08000100   0x08000100   0x00000000   Code   RO          340    .ARM.Collect$$$$00000011  mc_w.l(entry11a.o)
    0x08000100   0x08000100   0x00000004   Code   RO          329    .ARM.Collect$$$$00002712  mc_w.l(entry2.o)
    0x08000104   0x08000104   0x00000024   Code   RO          267  * .text               startup_stm32f10x_md.o
    0x08000128   0x08000128   0x000000e4   Code   RO          320    .text               mf_w.l(dmul.o)
    0x0800020c   0x0800020c   0x000000de   Code   RO          322    .text               mf_w.l(ddiv.o)
    0x080002ea   0x080002ea   0x00000022   Code   RO          324    .text               mf_w.l(dflti.o)
    0x0800030c   0x0800030c   0x00000032   Code   RO          326    .text               mf_w.l(dfixui.o)
    0x0800033e   0x0800033e   0x00000020   Code   RO          344    .text               mc_w.l(llushr.o)
    0x0800035e   0x0800035e   0x00000000   Code   RO          346    .text               mc_w.l(iusefp.o)
    0x0800035e   0x0800035e   0x000000ba   Code   RO          347    .text               mf_w.l(depilogue.o)
    0x08000418   0x08000418   0x00000024   Code   RO          349    .text               mc_w.l(init.o)
    0x0800043c   0x0800043c   0x0000001e   Code   RO          351    .text               mc_w.l(llshl.o)
    0x0800045a   0x0800045a   0x00000012   Code   RO          177    i.Is_Positive       rotation_plateau.o
    0x0800046c   0x0800046c   0x00000004   Code   RO           60    i.Modif_RapportCyclique  timer.o
    0x08000470   0x08000470   0x000000d4   Code   RO          216    i.MyGPIO_Init       gpio.o
    0x08000544   0x08000544   0x0000000c   Code   RO          218    i.MyGPIO_Reset      gpio.o
    0x08000550   0x08000550   0x0000000c   Code   RO          219    i.MyGPIO_Set        gpio.o
    0x0800055c   0x0800055c   0x0000001a   Code   RO           62    i.MyTimer_Base_Init  timer.o
    0x08000576   0x08000576   0x0000000a   Code   RO           63    i.MyTimer_PWM       timer.o
    0x08000580   0x08000580   0x00000020   Code   RO          120    i.MyUSART_ActiveIT  usart.o
    0x080005a0   0x080005a0   0x00000074   Code   RO          121    i.MyUSART_Base_Init  usart.o
    0x08000614   0x08000614   0x00000006   Code   RO          122    i.Read_DR_Value     usart.o
    0x0800061a   0x0800061a   0x00000008   Code   RO          274    i.SetSysClock       system_stm32f10x.o
    0x08000622   0x08000622   0x00000002   PAD
    0x08000624   0x08000624   0x000000e0   Code   RO          275    i.SetSysClockTo72   system_stm32f10x.o
    0x08000704   0x08000704   0x00000060   Code   RO          277    i.SystemInit        system_stm32f10x.o
    0x08000764   0x08000764   0x00000018   Code   RO           64    i.TIM4_IRQHandler   timer.o
    0x0800077c   0x0800077c   0x00000002   Code   RO           65    i.TIM4_callback     timer.o
    0x0800077e   0x0800077e   0x00000008   Code   RO          123    i.USART1_IRQHandler  usart.o
    0x08000786   0x08000786   0x00000002   PAD
    0x08000788   0x08000788   0x00000098   Code   RO          178    i.USART1_callback   rotation_plateau.o
    0x08000820   0x08000820   0x0000000e   Code   RO          355    i.__scatterload_copy  mc_w.l(handlers.o)
    0x0800082e   0x0800082e   0x00000002   Code   RO          356    i.__scatterload_null  mc_w.l(handlers.o)
    0x08000830   0x08000830   0x0000000e   Code   RO          357    i.__scatterload_zeroinit  mc_w.l(handlers.o)
    0x0800083e   0x0800083e   0x00000008   Code   RO            4    i.main              main.o
    0x08000846   0x08000846   0x00000002   PAD
    0x08000848   0x08000848   0x0000008c   Code   RO          179    i.manage_rotation   rotation_plateau.o
    0x080008d4   0x080008d4   0x00000020   Data   RO          353    Region$$Table       anon$$obj.o


    Execution Region ER_RW (Exec base: 0x20000000, Load base: 0x080008f4, Size: 0x0000000c, Max: 0xffffffff, ABSOLUTE)

    Exec Addr    Load Addr    Size         Type   Attr      Idx    E Section Name        Object

    0x20000000   0x080008f4   0x0000000a   Data   RW          180    .data               rotation_plateau.o


    Execution Region ER_ZI (Exec base: 0x2000000c, Load base: 0x08000900, Size: 0x00000404, Max: 0xffffffff, ABSOLUTE)

    Exec Addr    Load Addr    Size         Type   Attr      Idx    E Section Name        Object

    0x2000000c   0x08000900   0x00000004   PAD
    0x20000010        -       0x00000400   Zero   RW          264    STACK               startup_stm32f10x_md.o


==============================================================================

Image component sizes


      Code (inc. data)   RO Data    RW Data    ZI Data      Debug   Object Name

       236         20          0          0          0       2714   gpio.o
         8          0          0          0          0     206791   main.o
       310         54          0         10          0       1973   rotation_plateau.o
        36          8        236          0       1024        808   startup_stm32f10x_md.o
       328         28          0          0          0       1973   system_stm32f10x.o
        66          4          0          0          0       3860   timer.o
       162         10          0          0          0       2767   usart.o

    ----------------------------------------------------------------------
      1152        124        268         12       1028     220886   Object Totals
         0          0         32          0          0          0   (incl. Generated)
         6          0          0          2          4          0   (incl. Padding)

    ----------------------------------------------------------------------

      Code (inc. data)   RO Data    RW Data    ZI Data      Debug   Library Member Name

         0          0          0          0          0          0   entry.o
         0          0          0          0          0          0   entry10a.o
         0          0          0          0          0          0   entry11a.o
         4          0          0          0          0          0   entry12b.o
         8          4          0          0          0          0   entry2.o
         4          0          0          0          0          0   entry5.o
         0          0          0          0          0          0   entry7b.o
         0          0          0          0          0          0   entry8b.o
         8          4          0          0          0          0   entry9a.o
        30          0          0          0          0          0   handlers.o
        36          8          0          0          0         68   init.o
         0          0          0          0          0          0   iusefp.o
        30          0          0          0          0         68   llshl.o
        32          0          0          0          0         68   llushr.o
       222          0          0          0          0        100   ddiv.o
       186          0          0          0          0        176   depilogue.o
        50          0          0          0          0         76   dfixui.o
        34          0          0          0          0         76   dflti.o
       228          0          0          0          0         96   dmul.o

    ----------------------------------------------------------------------
       872         16          0          0          0        728   Library Totals
         0          0          0          0          0          0   (incl. Padding)

    ----------------------------------------------------------------------

      Code (inc. data)   RO Data    RW Data    ZI Data      Debug   Library Name

       152         16          0          0          0        204   mc_w.l
       720          0          0          0          0        524   mf_w.l

    ----------------------------------------------------------------------
       872         16          0          0          0        728   Library Totals

    ----------------------------------------------------------------------

==============================================================================


      Code (inc. data)   RO Data    RW Data    ZI Data      Debug   

      2024        140        268         12       1028     220570   Grand Totals
      2024        140        268         12       1028     220570   ELF Image Totals
      2024        140        268         12          0          0   ROM Totals

==============================================================================

    Total RO  Size (Code + RO Data)                 2292 (   2.24kB)
    Total RW  Size (RW Data + ZI Data)              1040 (   1.02kB)
    Total ROM Size (Code + RO Data + RW Data)       2304 (   2.25kB)

==============================================================================

